../Core/Src/DS3231/ds3231.c:50:6:test_writr	32	static
../Core/Src/DS3231/ds3231.c:59:6:time_i2c_write_single	32	static
../Core/Src/DS3231/ds3231.c:67:6:time_i2c_write_multi	32	static
../Core/Src/DS3231/ds3231.c:73:6:time_i2c_read_single	32	static
../Core/Src/DS3231/ds3231.c:80:6:time_i2c_read_multi	32	static
../Core/Src/DS3231/ds3231.c:86:6:ds3231_I2C_init	4	static
../Core/Src/DS3231/ds3231.c:96:6:ds3231_init	16	static
../Core/Src/DS3231/ds3231.c:109:9:ds3231_run_command	16	static
../Core/Src/DS3231/ds3231.c:129:9:ds3231_run_status	8	static
../Core/Src/DS3231/ds3231.c:139:9:ds3231_init_status_report	8	static
../Core/Src/DS3231/ds3231.c:149:6:ds3231_init_status_update	8	static
../Core/Src/DS3231/ds3231.c:157:6:ds3231_reset	16	static
../Core/Src/DS3231/ds3231.c:241:9:ds3231_read	16	static
../Core/Src/DS3231/ds3231.c:302:9:ds3231_set	16	static
../Core/Src/DS3231/ds3231.c:367:13:ds3231_data_clone	24	static
../Core/Src/DS3231/ds3231.c:395:13:BCD_to_HEX	24	static
../Core/Src/DS3231/ds3231.c:404:13:HEX_to_BCD	24	static
