../Core/Src/nrf24l01/nrf24L01.c:54:22:DelayMicro	16	static
../Core/Src/nrf24l01/nrf24L01.c:61:6:NRF24_Sleep_mode	8	static
../Core/Src/nrf24l01/nrf24L01.c:69:6:NRF24_init_RX	32	static
../Core/Src/nrf24l01/nrf24L01.c:126:6:NRF24_init_TX	24	static
../Core/Src/nrf24l01/nrf24L01.c:216:9:NRF24_ReadReg	32	static
../Core/Src/nrf24l01/nrf24L01.c:234:6:NRF24_WriteReg	16	static
../Core/Src/nrf24l01/nrf24L01.c:246:6:NRF24_ToggleFeatures	16	static
../Core/Src/nrf24l01/nrf24L01.c:260:6:NRF24_Read_Buf	16	static
../Core/Src/nrf24l01/nrf24L01.c:270:6:NRF24_Write_Buf	16	static
../Core/Src/nrf24l01/nrf24L01.c:284:13:NRF24_FlushRX	16	static
../Core/Src/nrf24l01/nrf24L01.c:294:13:NRF24_FlushTX	16	static
../Core/Src/nrf24l01/nrf24L01.c:304:6:NRF24L01_RX_Mode	16	static
../Core/Src/nrf24l01/nrf24L01.c:321:6:testReadWriteSetingd	104	static
../Core/Src/nrf24l01/nrf24L01.c:356:6:testDelay	8	static
../Core/Src/nrf24l01/nrf24L01.c:362:6:NRF24L01_TX_Mode	8	static
../Core/Src/nrf24l01/nrf24L01.c:372:6:NRF24_Transmit	16	static
../Core/Src/nrf24l01/nrf24L01.c:385:9:NRF24L01_Send	24	static
../Core/Src/nrf24l01/nrf24L01.c:425:9:NRF24L01_Transmit	24	static
../Core/Src/nrf24l01/nrf24L01.c:433:6:led_test	4	static
../Core/Src/nrf24l01/nrf24L01.c:439:6:NRF24L01_Receive	16	static
../Core/Src/nrf24l01/nrf24L01.c:462:6:print_Data_Ower_uart	112	static
