../Core/Src/nrf24l01/nrf24L01.c:58:22:DelayMicro	16	static
../Core/Src/nrf24l01/nrf24L01.c:65:6:NRF24_Sleep_mode	8	static
../Core/Src/nrf24l01/nrf24L01.c:75:6:NRF24_init_RX	32	static
../Core/Src/nrf24l01/nrf24L01.c:132:6:NRF24_init_TX	24	static
../Core/Src/nrf24l01/nrf24L01.c:218:9:NRF24_ReadReg	32	static
../Core/Src/nrf24l01/nrf24L01.c:236:6:NRF24_WriteReg	16	static
../Core/Src/nrf24l01/nrf24L01.c:248:6:NRF24_ToggleFeatures	16	static
../Core/Src/nrf24l01/nrf24L01.c:262:6:NRF24_Read_Buf	16	static
../Core/Src/nrf24l01/nrf24L01.c:272:6:NRF24_Write_Buf	16	static
../Core/Src/nrf24l01/nrf24L01.c:286:13:NRF24_FlushRX	16	static
../Core/Src/nrf24l01/nrf24L01.c:296:13:NRF24_FlushTX	16	static
../Core/Src/nrf24l01/nrf24L01.c:306:6:NRF24L01_RX_Mode	16	static
../Core/Src/nrf24l01/nrf24L01.c:323:6:testReadWriteSetingd	104	static
../Core/Src/nrf24l01/nrf24L01.c:358:6:testDelay	8	static
../Core/Src/nrf24l01/nrf24L01.c:364:6:NRF24L01_TX_Mode	8	static
../Core/Src/nrf24l01/nrf24L01.c:374:6:NRF24_Transmit	16	static
../Core/Src/nrf24l01/nrf24L01.c:387:9:NRF24L01_Send	24	static
../Core/Src/nrf24l01/nrf24L01.c:427:9:NRF24L01_Transmit	24	static
../Core/Src/nrf24l01/nrf24L01.c:435:6:led_test	4	static
../Core/Src/nrf24l01/nrf24L01.c:441:6:NRF24L01_Receive	16	static
../Core/Src/nrf24l01/nrf24L01.c:466:6:print_Data_Ower_uart	112	static
