../Core/Src/nrf24l01/nrf24L01.c:49:22:DelayMicro	16	static
../Core/Src/nrf24l01/nrf24L01.c:56:6:NRF24_Sleep_mode	8	static
../Core/Src/nrf24l01/nrf24L01.c:66:6:NRF24_init_RX	32	static
../Core/Src/nrf24l01/nrf24L01.c:123:6:NRF24_init_TX	24	static
../Core/Src/nrf24l01/nrf24L01.c:203:9:NRF24_ReadReg	32	static
../Core/Src/nrf24l01/nrf24L01.c:221:6:NRF24_WriteReg	16	static
../Core/Src/nrf24l01/nrf24L01.c:233:6:NRF24_ToggleFeatures	16	static
../Core/Src/nrf24l01/nrf24L01.c:247:6:NRF24_Read_Buf	16	static
../Core/Src/nrf24l01/nrf24L01.c:257:6:NRF24_Write_Buf	16	static
../Core/Src/nrf24l01/nrf24L01.c:271:13:NRF24_FlushRX	16	static
../Core/Src/nrf24l01/nrf24L01.c:281:13:NRF24_FlushTX	16	static
../Core/Src/nrf24l01/nrf24L01.c:291:6:NRF24L01_RX_Mode	16	static
../Core/Src/nrf24l01/nrf24L01.c:308:6:testReadWriteSetingd	104	static
../Core/Src/nrf24l01/nrf24L01.c:343:6:testDelay	8	static
../Core/Src/nrf24l01/nrf24L01.c:349:6:NRF24L01_TX_Mode	8	static
../Core/Src/nrf24l01/nrf24L01.c:359:6:NRF24_Transmit	16	static
../Core/Src/nrf24l01/nrf24L01.c:372:9:NRF24L01_Send	24	static
../Core/Src/nrf24l01/nrf24L01.c:379:6:NRF24L01_Transmit	16	static
../Core/Src/nrf24l01/nrf24L01.c:386:6:led_test	8	static
../Core/Src/nrf24l01/nrf24L01.c:392:6:NRF24L01_Receive	8	static
../Core/Src/nrf24l01/nrf24L01.c:404:6:IRQ_Callback	16	static
../Core/Src/nrf24l01/nrf24L01.c:426:6:print_Data_Ower_uart	112	static
