../Core/Src/nrf24l01/nrf24L01.c:52:22:DelayMicro	16	static
../Core/Src/nrf24l01/nrf24L01.c:59:6:NRF24_Sleep_mode	8	static
../Core/Src/nrf24l01/nrf24L01.c:69:6:NRF24_init_RX	32	static
../Core/Src/nrf24l01/nrf24L01.c:120:6:NRF24_init_TX	24	static
../Core/Src/nrf24l01/nrf24L01.c:200:9:NRF24_ReadReg	32	static
../Core/Src/nrf24l01/nrf24L01.c:218:6:NRF24_WriteReg	16	static
../Core/Src/nrf24l01/nrf24L01.c:230:6:NRF24_ToggleFeatures	16	static
../Core/Src/nrf24l01/nrf24L01.c:244:6:NRF24_Read_Buf	16	static
../Core/Src/nrf24l01/nrf24L01.c:254:6:NRF24_Write_Buf	16	static
../Core/Src/nrf24l01/nrf24L01.c:268:13:NRF24_FlushRX	16	static
../Core/Src/nrf24l01/nrf24L01.c:278:13:NRF24_FlushTX	16	static
../Core/Src/nrf24l01/nrf24L01.c:288:6:NRF24L01_RX_Mode	16	static
../Core/Src/nrf24l01/nrf24L01.c:305:6:testReadWriteSetingd	104	static
../Core/Src/nrf24l01/nrf24L01.c:340:6:testDelay	8	static
../Core/Src/nrf24l01/nrf24L01.c:346:6:NRF24L01_TX_Mode	8	static
../Core/Src/nrf24l01/nrf24L01.c:356:6:NRF24_Transmit	16	static
../Core/Src/nrf24l01/nrf24L01.c:369:9:NRF24L01_Send	24	static
../Core/Src/nrf24l01/nrf24L01.c:376:6:NRF24L01_Transmit	16	static
../Core/Src/nrf24l01/nrf24L01.c:383:6:led_test	8	static
../Core/Src/nrf24l01/nrf24L01.c:389:6:NRF24L01_Receive	8	static
../Core/Src/nrf24l01/nrf24L01.c:401:6:IRQ_Callback	16	static
../Core/Src/nrf24l01/nrf24L01.c:426:6:print_Data_Ower_uart	112	static
