../Core/Src/nrf24l01/nrf24L01.c:49:22:DelayMicro	16	static
../Core/Src/nrf24l01/nrf24L01.c:56:6:NRF24_Sleep_mode	8	static
../Core/Src/nrf24l01/nrf24L01.c:66:6:NRF24_init_RX	32	static
../Core/Src/nrf24l01/nrf24L01.c:131:6:NRF24_init_TX	24	static
../Core/Src/nrf24l01/nrf24L01.c:211:9:NRF24_ReadReg	32	static
../Core/Src/nrf24l01/nrf24L01.c:229:6:NRF24_WriteReg	16	static
../Core/Src/nrf24l01/nrf24L01.c:241:6:NRF24_ToggleFeatures	16	static
../Core/Src/nrf24l01/nrf24L01.c:255:6:NRF24_Read_Buf	16	static
../Core/Src/nrf24l01/nrf24L01.c:265:6:NRF24_Write_Buf	16	static
../Core/Src/nrf24l01/nrf24L01.c:279:13:NRF24_FlushRX	16	static
../Core/Src/nrf24l01/nrf24L01.c:289:13:NRF24_FlushTX	16	static
../Core/Src/nrf24l01/nrf24L01.c:299:6:NRF24L01_RX_Mode	16	static
../Core/Src/nrf24l01/nrf24L01.c:316:6:testReadWriteSetingd	104	static
../Core/Src/nrf24l01/nrf24L01.c:351:6:testDelay	8	static
../Core/Src/nrf24l01/nrf24L01.c:357:6:NRF24L01_TX_Mode	8	static
../Core/Src/nrf24l01/nrf24L01.c:367:6:NRF24_Transmit	16	static
../Core/Src/nrf24l01/nrf24L01.c:380:9:NRF24L01_Send	24	static
../Core/Src/nrf24l01/nrf24L01.c:387:6:NRF24L01_Transmit	16	static
../Core/Src/nrf24l01/nrf24L01.c:394:6:led_test	8	static
../Core/Src/nrf24l01/nrf24L01.c:400:6:NRF24L01_Receive	8	static
../Core/Src/nrf24l01/nrf24L01.c:412:6:IRQ_Callback	32	static
../Core/Src/nrf24l01/nrf24L01.c:444:6:print_Data_Ower_uart	112	static
