../Core/Src/main.c:131:8:user_i2c_read	24	static
../Core/Src/main.c:139:6:user_delay_ms	16	static
../Core/Src/main.c:144:8:user_i2c_write	32	static
../Core/Src/main.c:157:6:init_bme280_	40	static
../Core/Src/main.c:192:6:get_THP_bme280	40	static
../Core/Src/main.c:231:6:meassure_battery_voltage	80	static
../Core/Src/main.c:251:6:led_test_blink	24	static
../Core/Src/main.c:264:6:error_blink_red_led	8	static
../Core/Src/main.c:273:6:read_time	48	static
../Core/Src/main.c:302:6:set_time	4	static
../Core/Src/main.c:314:6:WriteBackupRegister	16	static
../Core/Src/main.c:326:10:ReadBackupRegister	16	static
../Core/Src/main.c:339:6:counter	16	static
../Core/Src/main.c:352:5:main	232	static
../Core/Src/main.c:592:6:SystemClock_Config	88	static
../Core/Src/main.c:640:13:MX_ADC1_Init	24	static
../Core/Src/main.c:692:13:MX_I2C1_Init	8	static
../Core/Src/main.c:726:13:MX_RTC_Init	32	static
../Core/Src/main.c:796:13:MX_SPI2_Init	8	static
../Core/Src/main.c:834:13:MX_USART1_UART_Init	8	static
../Core/Src/main.c:867:13:MX_GPIO_Init	40	static
../Core/Src/main.c:925:6:Error_Handler	4	static,ignoring_inline_asm
