../Core/Src/main.c:134:8:user_i2c_read	24	static
../Core/Src/main.c:142:6:user_delay_ms	16	static
../Core/Src/main.c:147:8:user_i2c_write	32	static
../Core/Src/main.c:160:6:init_bme280_	40	static
../Core/Src/main.c:195:6:get_THP_bme280	40	static
../Core/Src/main.c:234:6:meassure_battery_voltage	80	static
../Core/Src/main.c:254:6:led_test_blink	24	static
../Core/Src/main.c:267:6:error_blink_red_led	8	static
../Core/Src/main.c:276:6:read_time	48	static
../Core/Src/main.c:308:6:read_time_internal_RTC	136	static
../Core/Src/main.c:328:6:set_time_internal_RTC	32	static
../Core/Src/main.c:367:6:set_time	4	static
../Core/Src/main.c:379:6:WriteBackupRegister	16	static
../Core/Src/main.c:391:10:ReadBackupRegister	16	static
../Core/Src/main.c:404:6:counter	16	static
../Core/Src/main.c:417:5:main	216	static
../Core/Src/main.c:652:6:SystemClock_Config	88	static
../Core/Src/main.c:700:13:MX_ADC1_Init	24	static
../Core/Src/main.c:752:13:MX_I2C1_Init	8	static
../Core/Src/main.c:786:13:MX_RTC_Init	32	static
../Core/Src/main.c:861:13:MX_SPI2_Init	8	static
../Core/Src/main.c:899:13:MX_USART1_UART_Init	8	static
../Core/Src/main.c:932:13:MX_GPIO_Init	40	static
../Core/Src/main.c:990:6:Error_Handler	4	static,ignoring_inline_asm
