../Core/Src/main.c:129:8:user_i2c_read	24	static
../Core/Src/main.c:137:6:user_delay_ms	16	static
../Core/Src/main.c:142:8:user_i2c_write	32	static
../Core/Src/main.c:155:6:init_bme280_	40	static
../Core/Src/main.c:190:6:get_THP_bme280	24	static
../Core/Src/main.c:211:6:meassure_battery_voltage	64	static
../Core/Src/main.c:229:6:led_test_blink	16	static
../Core/Src/main.c:242:6:error_blink_red_led	8	static
../Core/Src/main.c:255:6:WriteBackupRegister	16	static
../Core/Src/main.c:263:10:ReadBackupRegister	16	static
../Core/Src/main.c:278:5:main	280	static
../Core/Src/main.c:596:6:SystemClock_Config	88	static
../Core/Src/main.c:644:13:MX_ADC1_Init	24	static
../Core/Src/main.c:696:13:MX_I2C1_Init	8	static
../Core/Src/main.c:730:13:MX_RTC_Init	32	static
../Core/Src/main.c:800:13:MX_SPI2_Init	8	static
../Core/Src/main.c:838:13:MX_USART1_UART_Init	8	static
../Core/Src/main.c:871:13:MX_GPIO_Init	40	static
../Core/Src/main.c:923:6:Error_Handler	4	static,ignoring_inline_asm
