../Core/Src/main.c:97:6:settings_mode	4	static
../Core/Src/main.c:103:6:counter	16	static
../Core/Src/main.c:110:6:send_data	192	static
../Core/Src/main.c:191:5:main	192	static
../Core/Src/main.c:366:6:SystemClock_Config	88	static
../Core/Src/main.c:414:13:MX_ADC1_Init	24	static
../Core/Src/main.c:466:13:MX_I2C1_Init	8	static
../Core/Src/main.c:500:13:MX_RTC_Init	32	static
../Core/Src/main.c:575:13:MX_SPI2_Init	8	static
../Core/Src/main.c:613:13:MX_USART1_UART_Init	8	static
../Core/Src/main.c:646:13:MX_GPIO_Init	40	static
../Core/Src/main.c:704:6:Error_Handler	4	static,ignoring_inline_asm
